3
../boilerplate.sh: line 33: asdasdsa: command not found
