bash
bash boilerplate
and now for something completely different
BASH
BASH BOILERPLATE
AND NOW FOR SOMETHING COMPLETELY DIFFERENT
