3
../boilerplate.sh: line 40: asdasdsa: command not found
